<testsuites name="results">
  <testsuite name="all" package="all">
    <property name="random_seed" value="1791332810" />
    <testcase name="test_mav_protocol_and_real_emg" classname="test" file="/workspace/scratch/6c287681f8d0/ci_emg_mav_v1/test/test.py" lineno="46" time="9.079610347747803" sim_time_ns="5108790.0" ratio_time="562666.216317007" />
  </testsuite>
</testsuites>